24.2.2021 Start: 15:32 Stop: 15:32
24.2.2021 Start: 15:32 Stop: 15:32
24.2.2021 Start: 15:38 Stop: 15:38
24.2.2021 Start: 15:42 Stop: 15:42
24.2.2021 Start: 15:44 Stop: 15:50
24.2.2021 Start: 15:56 Stop: 15:56
24.2.2021 Start: 17:13 Stop: 17:15
24.2.2021 Start: 18:34 Stop: 18:34
25.2.2021 Start: 13:07 Stop: 13:07
25.2.2021 Start: 13:07 Stop: 13:07
25.2.2021 Start: 13:08 Stop: 13:09
28.2.2021 Start: 14:37 Stop: 14:38
28.2.2021 Start: 15:34 Stop: 15:34
28.2.2021 Start: 15:38 Stop: 15:38
28.2.2021 Start: 15:39 Stop: 15:39
